// Jest Snapshot v1, https://goo.gl/fbAQLP

exports[`renders a snapshot 1`] = `
<div
  className="App"
>
  <div>
    <div
      className="card border-primary"
      style={
        Object {
          "width": "25rem",
        }
      }
    >
      <div
        className="card-title h5"
      >
        GitHub username: carolinekonrad
      </div>
      <img
        alt="picture"
        className="card-img"
        src="https://avatars.githubusercontent.com/u/89207386?s=400&u=4a97bb5d5e77b41cbbf670ea79f1d287159351ce&v=4"
      />
      <p
        className="card-text"
      >
        Hello, I'm the proud owner of a dog named Lola and an octopus in horse form, Prince
      </p>
    </div>
  </div>
</div>
`;
